2026-07-21T22:46:16Z INF Traefik version 3.1.7 built on 2024-10-28T10:41:06Z version=3.1.7
2026-07-21T22:46:16Z INF 
Stats collection is disabled.
Help us improve Traefik by turning this feature on :)
More details on: https://doc.traefik.io/traefik/contributing/data-collection/

2026-07-21T22:46:16Z INF Starting provider aggregator aggregator.ProviderAggregator
2026-07-21T22:46:16Z INF Starting provider *file.Provider
2026-07-21T22:46:16Z INF Starting provider *traefik.Provider
2026-07-21T22:46:16Z INF Starting provider *docker.Provider
2026-07-21T22:46:16Z INF Starting provider *acme.ChallengeTLSALPN
2026-07-21T22:46:16Z INF Starting provider *acme.Provider
2026-07-21T22:46:16Z INF Testing certificate renew... acmeCA=https://acme-v02.api.letsencrypt.org/directory providerName=letsencrypt.acme
2026-07-21T22:46:16Z ERR Failed to retrieve information of the docker client and server host error="Error response from daemon: client version 1.24 is too old. Minimum supported API version is 1.40, please upgrade your client to a newer version" providerName=docker
2026-07-21T22:46:16Z ERR Provider error, retrying in 316.592421ms error="Error response from daemon: client version 1.24 is too old. Minimum supported API version is 1.40, please upgrade your client to a newer version" providerName=docker
2026-07-21T22:46:17Z ERR Failed to retrieve information of the docker client and server host error="Error response from daemon: client version 1.24 is too old. Minimum supported API version is 1.40, please upgrade your client to a newer version" providerName=docker
2026-07-21T22:46:17Z ERR Provider error, retrying in 665.194024ms error="Error response from daemon: client version 1.24 is too old. Minimum supported API version is 1.40, please upgrade your client to a newer version" providerName=docker
2026-07-21T22:46:17Z ERR Failed to retrieve information of the docker client and server host error="Error response from daemon: client version 1.24 is too old. Minimum supported API version is 1.40, please upgrade your client to a newer version" providerName=docker
2026-07-21T22:46:17Z ERR Provider error, retrying in 856.16778ms error="Error response from daemon: client version 1.24 is too old. Minimum supported API version is 1.40, please upgrade your client to a newer version" providerName=docker
2026-07-21T22:46:18Z ERR Failed to retrieve information of the docker client and server host error="Error response from daemon: client version 1.24 is too old. Minimum supported API version is 1.40, please upgrade your client to a newer version" providerName=docker
2026-07-21T22:46:18Z ERR Provider error, retrying in 2.132485721s error="Error response from daemon: client version 1.24 is too old. Minimum supported API version is 1.40, please upgrade your client to a newer version" providerName=docker
2026-07-21T22:46:20Z ERR Failed to retrieve information of the docker client and server host error="Error response from daemon: client version 1.24 is too old. Minimum supported API version is 1.40, please upgrade your client to a newer version" providerName=docker
2026-07-21T22:46:20Z ERR Provider error, retrying in 3.034471865s error="Error response from daemon: client version 1.24 is too old. Minimum supported API version is 1.40, please upgrade your client to a newer version" providerName=docker
2026-07-21T22:46:23Z ERR Failed to retrieve information of the docker client and server host error="Error response from daemon: client version 1.24 is too old. Minimum supported API version is 1.40, please upgrade your client to a newer version" providerName=docker
2026-07-21T22:46:23Z ERR Provider error, retrying in 3.566486869s error="Error response from daemon: client version 1.24 is too old. Minimum supported API version is 1.40, please upgrade your client to a newer version" providerName=docker
2026-07-21T22:46:27Z ERR Failed to retrieve information of the docker client and server host error="Error response from daemon: client version 1.24 is too old. Minimum supported API version is 1.40, please upgrade your client to a newer version" providerName=docker
2026-07-21T22:46:27Z ERR Provider error, retrying in 6.424804581s error="Error response from daemon: client version 1.24 is too old. Minimum supported API version is 1.40, please upgrade your client to a newer version" providerName=docker
2026-07-21T22:46:33Z ERR Failed to retrieve information of the docker client and server host error="Error response from daemon: client version 1.24 is too old. Minimum supported API version is 1.40, please upgrade your client to a newer version" providerName=docker
2026-07-21T22:46:33Z ERR Provider error, retrying in 7.493530308s error="Error response from daemon: client version 1.24 is too old. Minimum supported API version is 1.40, please upgrade your client to a newer version" providerName=docker
2026-07-21T22:46:41Z ERR Failed to retrieve information of the docker client and server host error="Error response from daemon: client version 1.24 is too old. Minimum supported API version is 1.40, please upgrade your client to a newer version" providerName=docker
2026-07-21T22:46:41Z ERR Provider error, retrying in 8.533432855s error="Error response from daemon: client version 1.24 is too old. Minimum supported API version is 1.40, please upgrade your client to a newer version" providerName=docker
2026-07-21T22:46:49Z ERR Failed to retrieve information of the docker client and server host error="Error response from daemon: client version 1.24 is too old. Minimum supported API version is 1.40, please upgrade your client to a newer version" providerName=docker
2026-07-21T22:46:49Z ERR Provider error, retrying in 590.154837ms error="Error response from daemon: client version 1.24 is too old. Minimum supported API version is 1.40, please upgrade your client to a newer version" providerName=docker
2026-07-21T22:46:50Z ERR Failed to retrieve information of the docker client and server host error="Error response from daemon: client version 1.24 is too old. Minimum supported API version is 1.40, please upgrade your client to a newer version" providerName=docker
2026-07-21T22:46:50Z ERR Provider error, retrying in 620.674126ms error="Error response from daemon: client version 1.24 is too old. Minimum supported API version is 1.40, please upgrade your client to a newer version" providerName=docker
2026-07-21T22:46:51Z ERR Failed to retrieve information of the docker client and server host error="Error response from daemon: client version 1.24 is too old. Minimum supported API version is 1.40, please upgrade your client to a newer version" providerName=docker
2026-07-21T22:46:51Z ERR Provider error, retrying in 1.667002258s error="Error response from daemon: client version 1.24 is too old. Minimum supported API version is 1.40, please upgrade your client to a newer version" providerName=docker
2026-07-21T22:46:52Z ERR Failed to retrieve information of the docker client and server host error="Error response from daemon: client version 1.24 is too old. Minimum supported API version is 1.40, please upgrade your client to a newer version" providerName=docker
2026-07-21T22:46:52Z ERR Provider error, retrying in 1.351080155s error="Error response from daemon: client version 1.24 is too old. Minimum supported API version is 1.40, please upgrade your client to a newer version" providerName=docker
2026-07-21T22:46:54Z ERR Failed to retrieve information of the docker client and server host error="Error response from daemon: client version 1.24 is too old. Minimum supported API version is 1.40, please upgrade your client to a newer version" providerName=docker
2026-07-21T22:46:54Z ERR Provider error, retrying in 1.914216201s error="Error response from daemon: client version 1.24 is too old. Minimum supported API version is 1.40, please upgrade your client to a newer version" providerName=docker
2026-07-21T22:46:56Z ERR Failed to retrieve information of the docker client and server host error="Error response from daemon: client version 1.24 is too old. Minimum supported API version is 1.40, please upgrade your client to a newer version" providerName=docker
2026-07-21T22:46:56Z ERR Provider error, retrying in 5.350527995s error="Error response from daemon: client version 1.24 is too old. Minimum supported API version is 1.40, please upgrade your client to a newer version" providerName=docker
2026-07-21T22:47:01Z ERR Failed to retrieve information of the docker client and server host error="Error response from daemon: client version 1.24 is too old. Minimum supported API version is 1.40, please upgrade your client to a newer version" providerName=docker
2026-07-21T22:47:01Z ERR Provider error, retrying in 8.298789812s error="Error response from daemon: client version 1.24 is too old. Minimum supported API version is 1.40, please upgrade your client to a newer version" providerName=docker
2026-07-21T22:47:09Z ERR Failed to retrieve information of the docker client and server host error="Error response from daemon: client version 1.24 is too old. Minimum supported API version is 1.40, please upgrade your client to a newer version" providerName=docker
2026-07-21T22:47:09Z ERR Provider error, retrying in 9.578371767s error="Error response from daemon: client version 1.24 is too old. Minimum supported API version is 1.40, please upgrade your client to a newer version" providerName=docker
2026-07-21T22:47:19Z ERR Failed to retrieve information of the docker client and server host error="Error response from daemon: client version 1.24 is too old. Minimum supported API version is 1.40, please upgrade your client to a newer version" providerName=docker
2026-07-21T22:47:19Z ERR Provider error, retrying in 18.435927015s error="Error response from daemon: client version 1.24 is too old. Minimum supported API version is 1.40, please upgrade your client to a newer version" providerName=docker
2026-07-21T22:47:37Z ERR Failed to retrieve information of the docker client and server host error="Error response from daemon: client version 1.24 is too old. Minimum supported API version is 1.40, please upgrade your client to a newer version" providerName=docker
2026-07-21T22:47:37Z ERR Provider error, retrying in 709.351585ms error="Error response from daemon: client version 1.24 is too old. Minimum supported API version is 1.40, please upgrade your client to a newer version" providerName=docker
2026-07-21T22:47:38Z ERR Failed to retrieve information of the docker client and server host error="Error response from daemon: client version 1.24 is too old. Minimum supported API version is 1.40, please upgrade your client to a newer version" providerName=docker
2026-07-21T22:47:38Z ERR Provider error, retrying in 1.004924863s error="Error response from daemon: client version 1.24 is too old. Minimum supported API version is 1.40, please upgrade your client to a newer version" providerName=docker
2026-07-21T22:47:39Z ERR Failed to retrieve information of the docker client and server host error="Error response from daemon: client version 1.24 is too old. Minimum supported API version is 1.40, please upgrade your client to a newer version" providerName=docker
2026-07-21T22:47:39Z ERR Provider error, retrying in 711.651781ms error="Error response from daemon: client version 1.24 is too old. Minimum supported API version is 1.40, please upgrade your client to a newer version" providerName=docker
2026-07-21T22:47:40Z ERR Failed to retrieve information of the docker client and server host error="Error response from daemon: client version 1.24 is too old. Minimum supported API version is 1.40, please upgrade your client to a newer version" providerName=docker
2026-07-21T22:47:40Z ERR Provider error, retrying in 1.222720141s error="Error response from daemon: client version 1.24 is too old. Minimum supported API version is 1.40, please upgrade your client to a newer version" providerName=docker
2026-07-21T22:47:41Z ERR Failed to retrieve information of the docker client and server host error="Error response from daemon: client version 1.24 is too old. Minimum supported API version is 1.40, please upgrade your client to a newer version" providerName=docker
2026-07-21T22:47:41Z ERR Provider error, retrying in 3.65668724s error="Error response from daemon: client version 1.24 is too old. Minimum supported API version is 1.40, please upgrade your client to a newer version" providerName=docker
2026-07-21T22:47:45Z ERR Failed to retrieve information of the docker client and server host error="Error response from daemon: client version 1.24 is too old. Minimum supported API version is 1.40, please upgrade your client to a newer version" providerName=docker
2026-07-21T22:47:45Z ERR Provider error, retrying in 5.417078206s error="Error response from daemon: client version 1.24 is too old. Minimum supported API version is 1.40, please upgrade your client to a newer version" providerName=docker
2026-07-21T22:47:50Z ERR Failed to retrieve information of the docker client and server host error="Error response from daemon: client version 1.24 is too old. Minimum supported API version is 1.40, please upgrade your client to a newer version" providerName=docker
2026-07-21T22:47:50Z ERR Provider error, retrying in 5.609458917s error="Error response from daemon: client version 1.24 is too old. Minimum supported API version is 1.40, please upgrade your client to a newer version" providerName=docker
2026-07-21T22:47:56Z ERR Failed to retrieve information of the docker client and server host error="Error response from daemon: client version 1.24 is too old. Minimum supported API version is 1.40, please upgrade your client to a newer version" providerName=docker
2026-07-21T22:47:56Z ERR Provider error, retrying in 7.318792822s error="Error response from daemon: client version 1.24 is too old. Minimum supported API version is 1.40, please upgrade your client to a newer version" providerName=docker
2026-07-21T22:48:03Z ERR Failed to retrieve information of the docker client and server host error="Error response from daemon: client version 1.24 is too old. Minimum supported API version is 1.40, please upgrade your client to a newer version" providerName=docker
2026-07-21T22:48:03Z ERR Provider error, retrying in 13.278520914s error="Error response from daemon: client version 1.24 is too old. Minimum supported API version is 1.40, please upgrade your client to a newer version" providerName=docker
2026-07-21T22:48:16Z ERR Failed to retrieve information of the docker client and server host error="Error response from daemon: client version 1.24 is too old. Minimum supported API version is 1.40, please upgrade your client to a newer version" providerName=docker
2026-07-21T22:48:16Z ERR Provider error, retrying in 466.09884ms error="Error response from daemon: client version 1.24 is too old. Minimum supported API version is 1.40, please upgrade your client to a newer version" providerName=docker
2026-07-21T22:48:17Z ERR Failed to retrieve information of the docker client and server host error="Error response from daemon: client version 1.24 is too old. Minimum supported API version is 1.40, please upgrade your client to a newer version" providerName=docker
2026-07-21T22:48:17Z ERR Provider error, retrying in 951.264395ms error="Error response from daemon: client version 1.24 is too old. Minimum supported API version is 1.40, please upgrade your client to a newer version" providerName=docker
2026-07-21T22:48:18Z ERR Failed to retrieve information of the docker client and server host error="Error response from daemon: client version 1.24 is too old. Minimum supported API version is 1.40, please upgrade your client to a newer version" providerName=docker
2026-07-21T22:48:18Z ERR Provider error, retrying in 925.444079ms error="Error response from daemon: client version 1.24 is too old. Minimum supported API version is 1.40, please upgrade your client to a newer version" providerName=docker
2026-07-21T22:48:19Z ERR Failed to retrieve information of the docker client and server host error="Error response from daemon: client version 1.24 is too old. Minimum supported API version is 1.40, please upgrade your client to a newer version" providerName=docker
2026-07-21T22:48:19Z ERR Provider error, retrying in 1.098178322s error="Error response from daemon: client version 1.24 is too old. Minimum supported API version is 1.40, please upgrade your client to a newer version" providerName=docker
2026-07-21T22:48:20Z ERR Failed to retrieve information of the docker client and server host error="Error response from daemon: client version 1.24 is too old. Minimum supported API version is 1.40, please upgrade your client to a newer version" providerName=docker
2026-07-21T22:48:20Z ERR Provider error, retrying in 2.387150995s error="Error response from daemon: client version 1.24 is too old. Minimum supported API version is 1.40, please upgrade your client to a newer version" providerName=docker
2026-07-21T22:48:22Z ERR Failed to retrieve information of the docker client and server host error="Error response from daemon: client version 1.24 is too old. Minimum supported API version is 1.40, please upgrade your client to a newer version" providerName=docker
2026-07-21T22:48:22Z ERR Provider error, retrying in 5.647582184s error="Error response from daemon: client version 1.24 is too old. Minimum supported API version is 1.40, please upgrade your client to a newer version" providerName=docker
2026-07-21T22:48:28Z ERR Failed to retrieve information of the docker client and server host error="Error response from daemon: client version 1.24 is too old. Minimum supported API version is 1.40, please upgrade your client to a newer version" providerName=docker
2026-07-21T22:48:28Z ERR Provider error, retrying in 7.452017061s error="Error response from daemon: client version 1.24 is too old. Minimum supported API version is 1.40, please upgrade your client to a newer version" providerName=docker
2026-07-21T22:48:35Z ERR Failed to retrieve information of the docker client and server host error="Error response from daemon: client version 1.24 is too old. Minimum supported API version is 1.40, please upgrade your client to a newer version" providerName=docker
2026-07-21T22:48:35Z ERR Provider error, retrying in 9.820857263s error="Error response from daemon: client version 1.24 is too old. Minimum supported API version is 1.40, please upgrade your client to a newer version" providerName=docker
2026-07-21T22:48:45Z ERR Failed to retrieve information of the docker client and server host error="Error response from daemon: client version 1.24 is too old. Minimum supported API version is 1.40, please upgrade your client to a newer version" providerName=docker
2026-07-21T22:48:45Z ERR Provider error, retrying in 15.240250767s error="Error response from daemon: client version 1.24 is too old. Minimum supported API version is 1.40, please upgrade your client to a newer version" providerName=docker
2026-07-21T22:49:00Z ERR Failed to retrieve information of the docker client and server host error="Error response from daemon: client version 1.24 is too old. Minimum supported API version is 1.40, please upgrade your client to a newer version" providerName=docker
2026-07-21T22:49:00Z ERR Provider error, retrying in 377.131359ms error="Error response from daemon: client version 1.24 is too old. Minimum supported API version is 1.40, please upgrade your client to a newer version" providerName=docker
2026-07-21T22:49:01Z ERR Failed to retrieve information of the docker client and server host error="Error response from daemon: client version 1.24 is too old. Minimum supported API version is 1.40, please upgrade your client to a newer version" providerName=docker
2026-07-21T22:49:01Z ERR Provider error, retrying in 421.523278ms error="Error response from daemon: client version 1.24 is too old. Minimum supported API version is 1.40, please upgrade your client to a newer version" providerName=docker
2026-07-21T22:49:01Z ERR Failed to retrieve information of the docker client and server host error="Error response from daemon: client version 1.24 is too old. Minimum supported API version is 1.40, please upgrade your client to a newer version" providerName=docker
2026-07-21T22:49:01Z ERR Provider error, retrying in 1.323655646s error="Error response from daemon: client version 1.24 is too old. Minimum supported API version is 1.40, please upgrade your client to a newer version" providerName=docker
2026-07-21T22:49:02Z ERR Failed to retrieve information of the docker client and server host error="Error response from daemon: client version 1.24 is too old. Minimum supported API version is 1.40, please upgrade your client to a newer version" providerName=docker
2026-07-21T22:49:02Z ERR Provider error, retrying in 1.916385366s error="Error response from daemon: client version 1.24 is too old. Minimum supported API version is 1.40, please upgrade your client to a newer version" providerName=docker
2026-07-21T22:49:04Z ERR Failed to retrieve information of the docker client and server host error="Error response from daemon: client version 1.24 is too old. Minimum supported API version is 1.40, please upgrade your client to a newer version" providerName=docker
2026-07-21T22:49:04Z ERR Provider error, retrying in 1.351820807s error="Error response from daemon: client version 1.24 is too old. Minimum supported API version is 1.40, please upgrade your client to a newer version" providerName=docker
2026-07-21T22:49:06Z ERR Failed to retrieve information of the docker client and server host error="Error response from daemon: client version 1.24 is too old. Minimum supported API version is 1.40, please upgrade your client to a newer version" providerName=docker
2026-07-21T22:49:06Z ERR Provider error, retrying in 4.765710405s error="Error response from daemon: client version 1.24 is too old. Minimum supported API version is 1.40, please upgrade your client to a newer version" providerName=docker
2026-07-21T22:49:10Z ERR Failed to retrieve information of the docker client and server host error="Error response from daemon: client version 1.24 is too old. Minimum supported API version is 1.40, please upgrade your client to a newer version" providerName=docker
2026-07-21T22:49:10Z ERR Provider error, retrying in 4.021918414s error="Error response from daemon: client version 1.24 is too old. Minimum supported API version is 1.40, please upgrade your client to a newer version" providerName=docker
2026-07-21T22:49:14Z ERR Failed to retrieve information of the docker client and server host error="Error response from daemon: client version 1.24 is too old. Minimum supported API version is 1.40, please upgrade your client to a newer version" providerName=docker
2026-07-21T22:49:14Z ERR Provider error, retrying in 5.759465421s error="Error response from daemon: client version 1.24 is too old. Minimum supported API version is 1.40, please upgrade your client to a newer version" providerName=docker
2026-07-21T22:49:20Z ERR Failed to retrieve information of the docker client and server host error="Error response from daemon: client version 1.24 is too old. Minimum supported API version is 1.40, please upgrade your client to a newer version" providerName=docker
2026-07-21T22:49:20Z ERR Provider error, retrying in 10.808080152s error="Error response from daemon: client version 1.24 is too old. Minimum supported API version is 1.40, please upgrade your client to a newer version" providerName=docker
2026-07-21T22:49:31Z ERR Failed to retrieve information of the docker client and server host error="Error response from daemon: client version 1.24 is too old. Minimum supported API version is 1.40, please upgrade your client to a newer version" providerName=docker
2026-07-21T22:49:31Z ERR Provider error, retrying in 588.060467ms error="Error response from daemon: client version 1.24 is too old. Minimum supported API version is 1.40, please upgrade your client to a newer version" providerName=docker
2026-07-21T22:49:32Z ERR Failed to retrieve information of the docker client and server host error="Error response from daemon: client version 1.24 is too old. Minimum supported API version is 1.40, please upgrade your client to a newer version" providerName=docker
2026-07-21T22:49:32Z ERR Provider error, retrying in 1.087730301s error="Error response from daemon: client version 1.24 is too old. Minimum supported API version is 1.40, please upgrade your client to a newer version" providerName=docker
2026-07-21T22:49:33Z ERR Failed to retrieve information of the docker client and server host error="Error response from daemon: client version 1.24 is too old. Minimum supported API version is 1.40, please upgrade your client to a newer version" providerName=docker
2026-07-21T22:49:33Z ERR Provider error, retrying in 1.356454213s error="Error response from daemon: client version 1.24 is too old. Minimum supported API version is 1.40, please upgrade your client to a newer version" providerName=docker
2026-07-21T22:49:34Z ERR Failed to retrieve information of the docker client and server host error="Error response from daemon: client version 1.24 is too old. Minimum supported API version is 1.40, please upgrade your client to a newer version" providerName=docker
2026-07-21T22:49:34Z ERR Provider error, retrying in 2.445535072s error="Error response from daemon: client version 1.24 is too old. Minimum supported API version is 1.40, please upgrade your client to a newer version" providerName=docker
2026-07-21T22:49:37Z ERR Failed to retrieve information of the docker client and server host error="Error response from daemon: client version 1.24 is too old. Minimum supported API version is 1.40, please upgrade your client to a newer version" providerName=docker
2026-07-21T22:49:37Z ERR Provider error, retrying in 2.776120771s error="Error response from daemon: client version 1.24 is too old. Minimum supported API version is 1.40, please upgrade your client to a newer version" providerName=docker
2026-07-21T22:49:39Z ERR Failed to retrieve information of the docker client and server host error="Error response from daemon: client version 1.24 is too old. Minimum supported API version is 1.40, please upgrade your client to a newer version" providerName=docker
2026-07-21T22:49:39Z ERR Provider error, retrying in 3.121281765s error="Error response from daemon: client version 1.24 is too old. Minimum supported API version is 1.40, please upgrade your client to a newer version" providerName=docker
2026-07-21T22:49:42Z ERR Failed to retrieve information of the docker client and server host error="Error response from daemon: client version 1.24 is too old. Minimum supported API version is 1.40, please upgrade your client to a newer version" providerName=docker
2026-07-21T22:49:42Z ERR Provider error, retrying in 5.392148802s error="Error response from daemon: client version 1.24 is too old. Minimum supported API version is 1.40, please upgrade your client to a newer version" providerName=docker
2026-07-21T22:49:48Z ERR Failed to retrieve information of the docker client and server host error="Error response from daemon: client version 1.24 is too old. Minimum supported API version is 1.40, please upgrade your client to a newer version" providerName=docker
2026-07-21T22:49:48Z ERR Provider error, retrying in 8.831727553s error="Error response from daemon: client version 1.24 is too old. Minimum supported API version is 1.40, please upgrade your client to a newer version" providerName=docker
2026-07-21T22:49:57Z ERR Failed to retrieve information of the docker client and server host error="Error response from daemon: client version 1.24 is too old. Minimum supported API version is 1.40, please upgrade your client to a newer version" providerName=docker
2026-07-21T22:49:57Z ERR Provider error, retrying in 10.209318534s error="Error response from daemon: client version 1.24 is too old. Minimum supported API version is 1.40, please upgrade your client to a newer version" providerName=docker
2026-07-21T22:50:07Z ERR Failed to retrieve information of the docker client and server host error="Error response from daemon: client version 1.24 is too old. Minimum supported API version is 1.40, please upgrade your client to a newer version" providerName=docker
2026-07-21T22:50:07Z ERR Provider error, retrying in 507.140956ms error="Error response from daemon: client version 1.24 is too old. Minimum supported API version is 1.40, please upgrade your client to a newer version" providerName=docker
2026-07-21T22:50:07Z ERR Failed to retrieve information of the docker client and server host error="Error response from daemon: client version 1.24 is too old. Minimum supported API version is 1.40, please upgrade your client to a newer version" providerName=docker
2026-07-21T22:50:07Z ERR Provider error, retrying in 1.017121303s error="Error response from daemon: client version 1.24 is too old. Minimum supported API version is 1.40, please upgrade your client to a newer version" providerName=docker
2026-07-21T22:50:08Z ERR Failed to retrieve information of the docker client and server host error="Error response from daemon: client version 1.24 is too old. Minimum supported API version is 1.40, please upgrade your client to a newer version" providerName=docker
2026-07-21T22:50:08Z ERR Provider error, retrying in 1.015085968s error="Error response from daemon: client version 1.24 is too old. Minimum supported API version is 1.40, please upgrade your client to a newer version" providerName=docker
2026-07-21T22:50:09Z ERR Failed to retrieve information of the docker client and server host error="Error response from daemon: client version 1.24 is too old. Minimum supported API version is 1.40, please upgrade your client to a newer version" providerName=docker
2026-07-21T22:50:09Z ERR Provider error, retrying in 1.370321494s error="Error response from daemon: client version 1.24 is too old. Minimum supported API version is 1.40, please upgrade your client to a newer version" providerName=docker
2026-07-21T22:50:11Z ERR Failed to retrieve information of the docker client and server host error="Error response from daemon: client version 1.24 is too old. Minimum supported API version is 1.40, please upgrade your client to a newer version" providerName=docker
2026-07-21T22:50:11Z ERR Provider error, retrying in 2.49782529s error="Error response from daemon: client version 1.24 is too old. Minimum supported API version is 1.40, please upgrade your client to a newer version" providerName=docker
2026-07-21T22:50:13Z ERR Failed to retrieve information of the docker client and server host error="Error response from daemon: client version 1.24 is too old. Minimum supported API version is 1.40, please upgrade your client to a newer version" providerName=docker
2026-07-21T22:50:13Z ERR Provider error, retrying in 2.619230326s error="Error response from daemon: client version 1.24 is too old. Minimum supported API version is 1.40, please upgrade your client to a newer version" providerName=docker
2026-07-21T22:50:16Z ERR Failed to retrieve information of the docker client and server host error="Error response from daemon: client version 1.24 is too old. Minimum supported API version is 1.40, please upgrade your client to a newer version" providerName=docker
2026-07-21T22:50:16Z ERR Provider error, retrying in 6.673270416s error="Error response from daemon: client version 1.24 is too old. Minimum supported API version is 1.40, please upgrade your client to a newer version" providerName=docker
2026-07-21T22:50:23Z ERR Failed to retrieve information of the docker client and server host error="Error response from daemon: client version 1.24 is too old. Minimum supported API version is 1.40, please upgrade your client to a newer version" providerName=docker
2026-07-21T22:50:23Z ERR Provider error, retrying in 5.858589858s error="Error response from daemon: client version 1.24 is too old. Minimum supported API version is 1.40, please upgrade your client to a newer version" providerName=docker
2026-07-21T22:50:28Z ERR Failed to retrieve information of the docker client and server host error="Error response from daemon: client version 1.24 is too old. Minimum supported API version is 1.40, please upgrade your client to a newer version" providerName=docker
2026-07-21T22:50:28Z ERR Provider error, retrying in 15.085103435s error="Error response from daemon: client version 1.24 is too old. Minimum supported API version is 1.40, please upgrade your client to a newer version" providerName=docker
2026-07-21T22:50:44Z ERR Failed to retrieve information of the docker client and server host error="Error response from daemon: client version 1.24 is too old. Minimum supported API version is 1.40, please upgrade your client to a newer version" providerName=docker
2026-07-21T22:50:44Z ERR Provider error, retrying in 661.121817ms error="Error response from daemon: client version 1.24 is too old. Minimum supported API version is 1.40, please upgrade your client to a newer version" providerName=docker
2026-07-21T22:50:44Z ERR Failed to retrieve information of the docker client and server host error="Error response from daemon: client version 1.24 is too old. Minimum supported API version is 1.40, please upgrade your client to a newer version" providerName=docker
2026-07-21T22:50:44Z ERR Provider error, retrying in 887.662933ms error="Error response from daemon: client version 1.24 is too old. Minimum supported API version is 1.40, please upgrade your client to a newer version" providerName=docker
2026-07-21T22:50:45Z ERR Failed to retrieve information of the docker client and server host error="Error response from daemon: client version 1.24 is too old. Minimum supported API version is 1.40, please upgrade your client to a newer version" providerName=docker
2026-07-21T22:50:45Z ERR Provider error, retrying in 1.149981133s error="Error response from daemon: client version 1.24 is too old. Minimum supported API version is 1.40, please upgrade your client to a newer version" providerName=docker
2026-07-21T22:50:46Z ERR Failed to retrieve information of the docker client and server host error="Error response from daemon: client version 1.24 is too old. Minimum supported API version is 1.40, please upgrade your client to a newer version" providerName=docker
2026-07-21T22:50:46Z ERR Provider error, retrying in 1.414576945s error="Error response from daemon: client version 1.24 is too old. Minimum supported API version is 1.40, please upgrade your client to a newer version" providerName=docker
2026-07-21T22:50:48Z ERR Failed to retrieve information of the docker client and server host error="Error response from daemon: client version 1.24 is too old. Minimum supported API version is 1.40, please upgrade your client to a newer version" providerName=docker
2026-07-21T22:50:48Z ERR Provider error, retrying in 1.508177553s error="Error response from daemon: client version 1.24 is too old. Minimum supported API version is 1.40, please upgrade your client to a newer version" providerName=docker
2026-07-21T22:50:49Z ERR Failed to retrieve information of the docker client and server host error="Error response from daemon: client version 1.24 is too old. Minimum supported API version is 1.40, please upgrade your client to a newer version" providerName=docker
2026-07-21T22:50:49Z ERR Provider error, retrying in 5.601553699s error="Error response from daemon: client version 1.24 is too old. Minimum supported API version is 1.40, please upgrade your client to a newer version" providerName=docker
2026-07-21T22:50:55Z ERR Failed to retrieve information of the docker client and server host error="Error response from daemon: client version 1.24 is too old. Minimum supported API version is 1.40, please upgrade your client to a newer version" providerName=docker
2026-07-21T22:50:55Z ERR Provider error, retrying in 6.144426518s error="Error response from daemon: client version 1.24 is too old. Minimum supported API version is 1.40, please upgrade your client to a newer version" providerName=docker
2026-07-21T22:51:01Z ERR Failed to retrieve information of the docker client and server host error="Error response from daemon: client version 1.24 is too old. Minimum supported API version is 1.40, please upgrade your client to a newer version" providerName=docker
2026-07-21T22:51:01Z ERR Provider error, retrying in 5.534900133s error="Error response from daemon: client version 1.24 is too old. Minimum supported API version is 1.40, please upgrade your client to a newer version" providerName=docker
2026-07-21T22:51:06Z ERR Failed to retrieve information of the docker client and server host error="Error response from daemon: client version 1.24 is too old. Minimum supported API version is 1.40, please upgrade your client to a newer version" providerName=docker
2026-07-21T22:51:06Z ERR Provider error, retrying in 19.07120558s error="Error response from daemon: client version 1.24 is too old. Minimum supported API version is 1.40, please upgrade your client to a newer version" providerName=docker
2026-07-21T22:51:26Z ERR Failed to retrieve information of the docker client and server host error="Error response from daemon: client version 1.24 is too old. Minimum supported API version is 1.40, please upgrade your client to a newer version" providerName=docker
2026-07-21T22:51:26Z ERR Provider error, retrying in 534.963127ms error="Error response from daemon: client version 1.24 is too old. Minimum supported API version is 1.40, please upgrade your client to a newer version" providerName=docker
2026-07-21T22:51:26Z ERR Failed to retrieve information of the docker client and server host error="Error response from daemon: client version 1.24 is too old. Minimum supported API version is 1.40, please upgrade your client to a newer version" providerName=docker
2026-07-21T22:51:26Z ERR Provider error, retrying in 1.098977212s error="Error response from daemon: client version 1.24 is too old. Minimum supported API version is 1.40, please upgrade your client to a newer version" providerName=docker
2026-07-21T22:51:27Z ERR Failed to retrieve information of the docker client and server host error="Error response from daemon: client version 1.24 is too old. Minimum supported API version is 1.40, please upgrade your client to a newer version" providerName=docker
2026-07-21T22:51:27Z ERR Provider error, retrying in 1.272892962s error="Error response from daemon: client version 1.24 is too old. Minimum supported API version is 1.40, please upgrade your client to a newer version" providerName=docker
2026-07-21T22:51:28Z ERR Failed to retrieve information of the docker client and server host error="Error response from daemon: client version 1.24 is too old. Minimum supported API version is 1.40, please upgrade your client to a newer version" providerName=docker
2026-07-21T22:51:28Z ERR Provider error, retrying in 1.067612207s error="Error response from daemon: client version 1.24 is too old. Minimum supported API version is 1.40, please upgrade your client to a newer version" providerName=docker
2026-07-21T22:51:30Z ERR Failed to retrieve information of the docker client and server host error="Error response from daemon: client version 1.24 is too old. Minimum supported API version is 1.40, please upgrade your client to a newer version" providerName=docker
2026-07-21T22:51:30Z ERR Provider error, retrying in 2.70572316s error="Error response from daemon: client version 1.24 is too old. Minimum supported API version is 1.40, please upgrade your client to a newer version" providerName=docker
2026-07-21T22:51:32Z ERR Failed to retrieve information of the docker client and server host error="Error response from daemon: client version 1.24 is too old. Minimum supported API version is 1.40, please upgrade your client to a newer version" providerName=docker
2026-07-21T22:51:32Z ERR Provider error, retrying in 2.386739788s error="Error response from daemon: client version 1.24 is too old. Minimum supported API version is 1.40, please upgrade your client to a newer version" providerName=docker
2026-07-21T22:51:35Z ERR Failed to retrieve information of the docker client and server host error="Error response from daemon: client version 1.24 is too old. Minimum supported API version is 1.40, please upgrade your client to a newer version" providerName=docker
2026-07-21T22:51:35Z ERR Provider error, retrying in 5.323954659s error="Error response from daemon: client version 1.24 is too old. Minimum supported API version is 1.40, please upgrade your client to a newer version" providerName=docker
2026-07-21T22:51:40Z ERR Failed to retrieve information of the docker client and server host error="Error response from daemon: client version 1.24 is too old. Minimum supported API version is 1.40, please upgrade your client to a newer version" providerName=docker
2026-07-21T22:51:40Z ERR Provider error, retrying in 4.426082853s error="Error response from daemon: client version 1.24 is too old. Minimum supported API version is 1.40, please upgrade your client to a newer version" providerName=docker
2026-07-21T22:51:44Z ERR Failed to retrieve information of the docker client and server host error="Error response from daemon: client version 1.24 is too old. Minimum supported API version is 1.40, please upgrade your client to a newer version" providerName=docker
2026-07-21T22:51:44Z ERR Provider error, retrying in 17.66747326s error="Error response from daemon: client version 1.24 is too old. Minimum supported API version is 1.40, please upgrade your client to a newer version" providerName=docker
2026-07-21T22:52:02Z ERR Failed to retrieve information of the docker client and server host error="Error response from daemon: client version 1.24 is too old. Minimum supported API version is 1.40, please upgrade your client to a newer version" providerName=docker
2026-07-21T22:52:02Z ERR Provider error, retrying in 667.506153ms error="Error response from daemon: client version 1.24 is too old. Minimum supported API version is 1.40, please upgrade your client to a newer version" providerName=docker
2026-07-21T22:52:03Z ERR Failed to retrieve information of the docker client and server host error="Error response from daemon: client version 1.24 is too old. Minimum supported API version is 1.40, please upgrade your client to a newer version" providerName=docker
2026-07-21T22:52:03Z ERR Provider error, retrying in 838.569185ms error="Error response from daemon: client version 1.24 is too old. Minimum supported API version is 1.40, please upgrade your client to a newer version" providerName=docker
2026-07-21T22:52:04Z ERR Failed to retrieve information of the docker client and server host error="Error response from daemon: client version 1.24 is too old. Minimum supported API version is 1.40, please upgrade your client to a newer version" providerName=docker
2026-07-21T22:52:04Z ERR Provider error, retrying in 1.155348864s error="Error response from daemon: client version 1.24 is too old. Minimum supported API version is 1.40, please upgrade your client to a newer version" providerName=docker
2026-07-21T22:52:05Z ERR Failed to retrieve information of the docker client and server host error="Error response from daemon: client version 1.24 is too old. Minimum supported API version is 1.40, please upgrade your client to a newer version" providerName=docker
2026-07-21T22:52:05Z ERR Provider error, retrying in 2.042973533s error="Error response from daemon: client version 1.24 is too old. Minimum supported API version is 1.40, please upgrade your client to a newer version" providerName=docker
2026-07-21T22:52:07Z ERR Failed to retrieve information of the docker client and server host error="Error response from daemon: client version 1.24 is too old. Minimum supported API version is 1.40, please upgrade your client to a newer version" providerName=docker
2026-07-21T22:52:07Z ERR Provider error, retrying in 2.791772641s error="Error response from daemon: client version 1.24 is too old. Minimum supported API version is 1.40, please upgrade your client to a newer version" providerName=docker
2026-07-21T22:52:10Z ERR Failed to retrieve information of the docker client and server host error="Error response from daemon: client version 1.24 is too old. Minimum supported API version is 1.40, please upgrade your client to a newer version" providerName=docker
2026-07-21T22:52:10Z ERR Provider error, retrying in 5.135923081s error="Error response from daemon: client version 1.24 is too old. Minimum supported API version is 1.40, please upgrade your client to a newer version" providerName=docker
2026-07-21T22:52:15Z ERR Failed to retrieve information of the docker client and server host error="Error response from daemon: client version 1.24 is too old. Minimum supported API version is 1.40, please upgrade your client to a newer version" providerName=docker
2026-07-21T22:52:15Z ERR Provider error, retrying in 6.498629356s error="Error response from daemon: client version 1.24 is too old. Minimum supported API version is 1.40, please upgrade your client to a newer version" providerName=docker
2026-07-21T22:52:21Z ERR Failed to retrieve information of the docker client and server host error="Error response from daemon: client version 1.24 is too old. Minimum supported API version is 1.40, please upgrade your client to a newer version" providerName=docker
2026-07-21T22:52:21Z ERR Provider error, retrying in 10.396547718s error="Error response from daemon: client version 1.24 is too old. Minimum supported API version is 1.40, please upgrade your client to a newer version" providerName=docker
2026-07-21T22:52:32Z ERR Failed to retrieve information of the docker client and server host error="Error response from daemon: client version 1.24 is too old. Minimum supported API version is 1.40, please upgrade your client to a newer version" providerName=docker
2026-07-21T22:52:32Z ERR Provider error, retrying in 15.320101894s error="Error response from daemon: client version 1.24 is too old. Minimum supported API version is 1.40, please upgrade your client to a newer version" providerName=docker
2026-07-21T22:52:47Z ERR Failed to retrieve information of the docker client and server host error="Error response from daemon: client version 1.24 is too old. Minimum supported API version is 1.40, please upgrade your client to a newer version" providerName=docker
2026-07-21T22:52:47Z ERR Provider error, retrying in 561.032152ms error="Error response from daemon: client version 1.24 is too old. Minimum supported API version is 1.40, please upgrade your client to a newer version" providerName=docker
2026-07-21T22:52:48Z ERR Failed to retrieve information of the docker client and server host error="Error response from daemon: client version 1.24 is too old. Minimum supported API version is 1.40, please upgrade your client to a newer version" providerName=docker
2026-07-21T22:52:48Z ERR Provider error, retrying in 411.026981ms error="Error response from daemon: client version 1.24 is too old. Minimum supported API version is 1.40, please upgrade your client to a newer version" providerName=docker
2026-07-21T22:52:48Z ERR Failed to retrieve information of the docker client and server host error="Error response from daemon: client version 1.24 is too old. Minimum supported API version is 1.40, please upgrade your client to a newer version" providerName=docker
2026-07-21T22:52:48Z ERR Provider error, retrying in 1.495179003s error="Error response from daemon: client version 1.24 is too old. Minimum supported API version is 1.40, please upgrade your client to a newer version" providerName=docker
2026-07-21T22:52:49Z ERR Failed to retrieve information of the docker client and server host error="Error response from daemon: client version 1.24 is too old. Minimum supported API version is 1.40, please upgrade your client to a newer version" providerName=docker
2026-07-21T22:52:49Z ERR Provider error, retrying in 2.445723473s error="Error response from daemon: client version 1.24 is too old. Minimum supported API version is 1.40, please upgrade your client to a newer version" providerName=docker
2026-07-21T22:52:52Z ERR Failed to retrieve information of the docker client and server host error="Error response from daemon: client version 1.24 is too old. Minimum supported API version is 1.40, please upgrade your client to a newer version" providerName=docker
2026-07-21T22:52:52Z ERR Provider error, retrying in 2.720251179s error="Error response from daemon: client version 1.24 is too old. Minimum supported API version is 1.40, please upgrade your client to a newer version" providerName=docker
2026-07-21T22:52:55Z ERR Failed to retrieve information of the docker client and server host error="Error response from daemon: client version 1.24 is too old. Minimum supported API version is 1.40, please upgrade your client to a newer version" providerName=docker
2026-07-21T22:52:55Z ERR Provider error, retrying in 2.879148342s error="Error response from daemon: client version 1.24 is too old. Minimum supported API version is 1.40, please upgrade your client to a newer version" providerName=docker
2026-07-21T22:52:58Z ERR Failed to retrieve information of the docker client and server host error="Error response from daemon: client version 1.24 is too old. Minimum supported API version is 1.40, please upgrade your client to a newer version" providerName=docker
2026-07-21T22:52:58Z ERR Provider error, retrying in 6.038963964s error="Error response from daemon: client version 1.24 is too old. Minimum supported API version is 1.40, please upgrade your client to a newer version" providerName=docker
2026-07-21T22:53:04Z ERR Failed to retrieve information of the docker client and server host error="Error response from daemon: client version 1.24 is too old. Minimum supported API version is 1.40, please upgrade your client to a newer version" providerName=docker
2026-07-21T22:53:04Z ERR Provider error, retrying in 6.457876258s error="Error response from daemon: client version 1.24 is too old. Minimum supported API version is 1.40, please upgrade your client to a newer version" providerName=docker
2026-07-21T22:53:10Z ERR Failed to retrieve information of the docker client and server host error="Error response from daemon: client version 1.24 is too old. Minimum supported API version is 1.40, please upgrade your client to a newer version" providerName=docker
2026-07-21T22:53:10Z ERR Provider error, retrying in 8.76715461s error="Error response from daemon: client version 1.24 is too old. Minimum supported API version is 1.40, please upgrade your client to a newer version" providerName=docker
2026-07-21T22:53:19Z ERR Failed to retrieve information of the docker client and server host error="Error response from daemon: client version 1.24 is too old. Minimum supported API version is 1.40, please upgrade your client to a newer version" providerName=docker
2026-07-21T22:53:19Z ERR Provider error, retrying in 407.384003ms error="Error response from daemon: client version 1.24 is too old. Minimum supported API version is 1.40, please upgrade your client to a newer version" providerName=docker
2026-07-21T22:53:19Z ERR Failed to retrieve information of the docker client and server host error="Error response from daemon: client version 1.24 is too old. Minimum supported API version is 1.40, please upgrade your client to a newer version" providerName=docker
2026-07-21T22:53:19Z ERR Provider error, retrying in 820.597455ms error="Error response from daemon: client version 1.24 is too old. Minimum supported API version is 1.40, please upgrade your client to a newer version" providerName=docker
2026-07-21T22:53:20Z ERR Failed to retrieve information of the docker client and server host error="Error response from daemon: client version 1.24 is too old. Minimum supported API version is 1.40, please upgrade your client to a newer version" providerName=docker
2026-07-21T22:53:20Z ERR Provider error, retrying in 1.06875585s error="Error response from daemon: client version 1.24 is too old. Minimum supported API version is 1.40, please upgrade your client to a newer version" providerName=docker
2026-07-21T22:53:21Z ERR Failed to retrieve information of the docker client and server host error="Error response from daemon: client version 1.24 is too old. Minimum supported API version is 1.40, please upgrade your client to a newer version" providerName=docker
2026-07-21T22:53:21Z ERR Provider error, retrying in 1.638413962s error="Error response from daemon: client version 1.24 is too old. Minimum supported API version is 1.40, please upgrade your client to a newer version" providerName=docker
2026-07-21T22:53:23Z ERR Failed to retrieve information of the docker client and server host error="Error response from daemon: client version 1.24 is too old. Minimum supported API version is 1.40, please upgrade your client to a newer version" providerName=docker
2026-07-21T22:53:23Z ERR Provider error, retrying in 3.58454923s error="Error response from daemon: client version 1.24 is too old. Minimum supported API version is 1.40, please upgrade your client to a newer version" providerName=docker
2026-07-21T22:53:26Z ERR Failed to retrieve information of the docker client and server host error="Error response from daemon: client version 1.24 is too old. Minimum supported API version is 1.40, please upgrade your client to a newer version" providerName=docker
2026-07-21T22:53:26Z ERR Provider error, retrying in 2.991731188s error="Error response from daemon: client version 1.24 is too old. Minimum supported API version is 1.40, please upgrade your client to a newer version" providerName=docker
2026-07-21T22:53:29Z ERR Failed to retrieve information of the docker client and server host error="Error response from daemon: client version 1.24 is too old. Minimum supported API version is 1.40, please upgrade your client to a newer version" providerName=docker
2026-07-21T22:53:29Z ERR Provider error, retrying in 3.227473358s error="Error response from daemon: client version 1.24 is too old. Minimum supported API version is 1.40, please upgrade your client to a newer version" providerName=docker
2026-07-21T22:53:33Z ERR Failed to retrieve information of the docker client and server host error="Error response from daemon: client version 1.24 is too old. Minimum supported API version is 1.40, please upgrade your client to a newer version" providerName=docker
2026-07-21T22:53:33Z ERR Provider error, retrying in 8.539894521s error="Error response from daemon: client version 1.24 is too old. Minimum supported API version is 1.40, please upgrade your client to a newer version" providerName=docker
2026-07-21T22:53:41Z ERR Failed to retrieve information of the docker client and server host error="Error response from daemon: client version 1.24 is too old. Minimum supported API version is 1.40, please upgrade your client to a newer version" providerName=docker
2026-07-21T22:53:41Z ERR Provider error, retrying in 13.662734341s error="Error response from daemon: client version 1.24 is too old. Minimum supported API version is 1.40, please upgrade your client to a newer version" providerName=docker
2026-07-21T22:53:55Z ERR Failed to retrieve information of the docker client and server host error="Error response from daemon: client version 1.24 is too old. Minimum supported API version is 1.40, please upgrade your client to a newer version" providerName=docker
2026-07-21T22:53:55Z ERR Provider error, retrying in 606.848891ms error="Error response from daemon: client version 1.24 is too old. Minimum supported API version is 1.40, please upgrade your client to a newer version" providerName=docker
2026-07-21T22:53:55Z ERR Failed to retrieve information of the docker client and server host error="Error response from daemon: client version 1.24 is too old. Minimum supported API version is 1.40, please upgrade your client to a newer version" providerName=docker
2026-07-21T22:53:55Z ERR Provider error, retrying in 1.043323417s error="Error response from daemon: client version 1.24 is too old. Minimum supported API version is 1.40, please upgrade your client to a newer version" providerName=docker
2026-07-21T22:53:56Z ERR Failed to retrieve information of the docker client and server host error="Error response from daemon: client version 1.24 is too old. Minimum supported API version is 1.40, please upgrade your client to a newer version" providerName=docker
2026-07-21T22:53:56Z ERR Provider error, retrying in 1.577722012s error="Error response from daemon: client version 1.24 is too old. Minimum supported API version is 1.40, please upgrade your client to a newer version" providerName=docker
2026-07-21T22:53:58Z ERR Failed to retrieve information of the docker client and server host error="Error response from daemon: client version 1.24 is too old. Minimum supported API version is 1.40, please upgrade your client to a newer version" providerName=docker
2026-07-21T22:53:58Z ERR Provider error, retrying in 2.093600296s error="Error response from daemon: client version 1.24 is too old. Minimum supported API version is 1.40, please upgrade your client to a newer version" providerName=docker
2026-07-21T22:54:00Z ERR Failed to retrieve information of the docker client and server host error="Error response from daemon: client version 1.24 is too old. Minimum supported API version is 1.40, please upgrade your client to a newer version" providerName=docker
2026-07-21T22:54:00Z ERR Provider error, retrying in 3.175801858s error="Error response from daemon: client version 1.24 is too old. Minimum supported API version is 1.40, please upgrade your client to a newer version" providerName=docker
2026-07-21T22:54:03Z ERR Failed to retrieve information of the docker client and server host error="Error response from daemon: client version 1.24 is too old. Minimum supported API version is 1.40, please upgrade your client to a newer version" providerName=docker
2026-07-21T22:54:03Z ERR Provider error, retrying in 3.135021234s error="Error response from daemon: client version 1.24 is too old. Minimum supported API version is 1.40, please upgrade your client to a newer version" providerName=docker
2026-07-21T22:54:06Z ERR Failed to retrieve information of the docker client and server host error="Error response from daemon: client version 1.24 is too old. Minimum supported API version is 1.40, please upgrade your client to a newer version" providerName=docker
2026-07-21T22:54:06Z ERR Provider error, retrying in 7.487499757s error="Error response from daemon: client version 1.24 is too old. Minimum supported API version is 1.40, please upgrade your client to a newer version" providerName=docker
2026-07-21T22:54:14Z ERR Failed to retrieve information of the docker client and server host error="Error response from daemon: client version 1.24 is too old. Minimum supported API version is 1.40, please upgrade your client to a newer version" providerName=docker
2026-07-21T22:54:14Z ERR Provider error, retrying in 4.440106446s error="Error response from daemon: client version 1.24 is too old. Minimum supported API version is 1.40, please upgrade your client to a newer version" providerName=docker
2026-07-21T22:54:16Z INF I have to go...
2026-07-21T22:54:16Z INF Stopping server gracefully
2026-07-21T22:54:16Z ERR error="accept tcp [::]:8080: use of closed network connection" entryPointName=traefik
2026-07-21T22:54:16Z ERR error="accept tcp [::]:80: use of closed network connection" entryPointName=web
2026-07-21T22:54:16Z ERR error="accept tcp [::]:443: use of closed network connection" entryPointName=websecure
2026-07-21T22:54:16Z ERR Error while starting server error="accept tcp [::]:8080: use of closed network connection" entryPointName=traefik
2026-07-21T22:54:16Z ERR error="close tcp [::]:80: use of closed network connection" entryPointName=web
2026-07-21T22:54:16Z ERR error="close tcp [::]:443: use of closed network connection" entryPointName=websecure
2026-07-21T22:54:16Z INF Server stopped
2026-07-21T22:54:16Z INF Shutting down
2026-07-21T22:54:16Z ERR Cannot retrieve data error="context canceled" providerName=docker
